// Jest Snapshot v1, https://goo.gl/fbAQLP

exports[`Probando <HeroScreen /> debe de mostrar componente redirect si no hay argumentos en la url  1`] = `""`;
